../Core/Src/main.c:81:6:SetRGBColor	16	static
../Core/Src/main.c:98:5:main	8	static
../Core/Src/main.c:164:6:SystemClock_Config	88	static
../Core/Src/main.c:211:13:MX_TIM2_Init	64	static
../Core/Src/main.c:270:13:MX_TIM3_Init	64	static
../Core/Src/main.c:337:13:MX_USART2_UART_Init	8	static
../Core/Src/main.c:370:13:MX_USART6_UART_Init	8	static
../Core/Src/main.c:403:13:MX_GPIO_Init	48	static
../Core/Src/main.c:437:6:MX_GPIO_LED_ON	16	static
../Core/Src/main.c:441:6:MX_GPIO_LED_OFF	16	static
../Core/Src/main.c:446:6:bluetooth_Event	152	static
../Core/Src/main.c:531:1:__io_putchar	16	static
../Core/Src/main.c:539:6:HAL_UART_RxCpltCallback	16	static
../Core/Src/main.c:580:6:Error_Handler	4	static,ignoring_inline_asm
